Archive member included to satisfy reference by file (symbol)

c:/program files (x86)/atmel/studio/7.0/toolchain/avr8/avr8-gnu-toolchain/bin/../lib/gcc/avr/5.4.0/avr5\libgcc.a(_exit.o)
                              C:/Program Files (x86)/Atmel/Studio/7.0/Packs/atmel/ATmega_DFP/1.7.374/gcc/dev/atmega328p/avr5/crtatmega328p.o (exit)
c:/program files (x86)/atmel/studio/7.0/toolchain/avr8/avr8-gnu-toolchain/bin/../lib/gcc/avr/5.4.0/avr5\libgcc.a(_copy_data.o)
                              src/Display_ss.o (__do_copy_data)
c:/program files (x86)/atmel/studio/7.0/toolchain/avr8/avr8-gnu-toolchain/bin/../lib/gcc/avr/5.4.0/avr5\libgcc.a(_clear_bss.o)
                              src/ADC.o (__do_clear_bss)
c:/program files (x86)/atmel/studio/7.0/toolchain/avr8/avr8-gnu-toolchain/bin/../lib/gcc/avr/5.4.0/../../../../avr/lib/avr5\libc.a(itoa_ncheck.o)
                              src/UART.o (__itoa_ncheck)
c:/program files (x86)/atmel/studio/7.0/toolchain/avr8/avr8-gnu-toolchain/bin/../lib/gcc/avr/5.4.0/../../../../avr/lib/avr5\libc.a(utoa_ncheck.o)
                              c:/program files (x86)/atmel/studio/7.0/toolchain/avr8/avr8-gnu-toolchain/bin/../lib/gcc/avr/5.4.0/../../../../avr/lib/avr5\libc.a(itoa_ncheck.o) (__utoa_common)
c:/program files (x86)/atmel/studio/7.0/toolchain/avr8/avr8-gnu-toolchain/bin/../lib/gcc/avr/5.4.0/../../../../avr/lib/avr5\libc.a(strrev.o)
                              c:/program files (x86)/atmel/studio/7.0/toolchain/avr8/avr8-gnu-toolchain/bin/../lib/gcc/avr/5.4.0/../../../../avr/lib/avr5\libc.a(utoa_ncheck.o) (strrev)

Allocating common symbols
Common symbol       size              file

Digit_values        0x4               src/Display_ss.o
Matriz_P1           0xc0              src/main.o
USART_ReceiveBuffer
                    0x1               src/UART.o
ispressed           0x2               src/JoystickButton.o
msgg                0xa               src/UART.o
Matriz_P2           0xc0              src/main.o
adc_value           0x2               src/ADC.o
ijoy                0x2               src/JoystickButton.o
jjoy                0x2               src/JoystickButton.o
USART_TransmitBuffer
                    0x1               src/UART.o
p2disp              0x2               src/main.o
Matriz_RGB          0xc0              src/main.o

Discarded input sections

 .data          0x00000000        0x0 C:/Program Files (x86)/Atmel/Studio/7.0/Packs/atmel/ATmega_DFP/1.7.374/gcc/dev/atmega328p/avr5/crtatmega328p.o
 .bss           0x00000000        0x0 C:/Program Files (x86)/Atmel/Studio/7.0/Packs/atmel/ATmega_DFP/1.7.374/gcc/dev/atmega328p/avr5/crtatmega328p.o
 .group         0x00000000        0x8 src/ADC.o
 .group         0x00000000        0x8 src/ADC.o
 .group         0x00000000        0x8 src/ADC.o
 .group         0x00000000        0x8 src/ADC.o
 .group         0x00000000        0x8 src/ADC.o
 .group         0x00000000        0x8 src/ADC.o
 .group         0x00000000        0x8 src/ADC.o
 .group         0x00000000        0x8 src/ADC.o
 .group         0x00000000        0x8 src/ADC.o
 .group         0x00000000        0x8 src/ADC.o
 .group         0x00000000        0x8 src/ADC.o
 .group         0x00000000        0x8 src/ADC.o
 .group         0x00000000        0x8 src/ADC.o
 .group         0x00000000        0x8 src/ADC.o
 .group         0x00000000        0x8 src/ADC.o
 .group         0x00000000        0x8 src/ADC.o
 .text          0x00000000        0x0 src/ADC.o
 .data          0x00000000        0x0 src/ADC.o
 .bss           0x00000000        0x0 src/ADC.o
 COMMON         0x00000000        0x2 src/ADC.o
 .data          0x00000000        0x0 src/AssemblyDisplay.o
 .bss           0x00000000        0x0 src/AssemblyDisplay.o
 .data          0x00000000        0x0 src/config/JoystickInit.o
 .bss           0x00000000        0x0 src/config/JoystickInit.o
 .group         0x00000000        0x8 src/cqueue.o
 .text          0x00000000        0x0 src/cqueue.o
 .data          0x00000000        0x0 src/cqueue.o
 .bss           0x00000000        0x0 src/cqueue.o
 .text.PullQueue
                0x00000000       0x36 src/cqueue.o
 .text.QueueStatus
                0x00000000        0x6 src/cqueue.o
 .group         0x00000000        0x8 src/C_CheckByte.o
 .group         0x00000000        0x8 src/C_CheckByte.o
 .group         0x00000000        0x8 src/C_CheckByte.o
 .group         0x00000000        0x8 src/C_CheckByte.o
 .group         0x00000000        0x8 src/C_CheckByte.o
 .group         0x00000000        0x8 src/C_CheckByte.o
 .group         0x00000000        0x8 src/C_CheckByte.o
 .group         0x00000000        0x8 src/C_CheckByte.o
 .group         0x00000000        0x8 src/C_CheckByte.o
 .group         0x00000000        0x8 src/C_CheckByte.o
 .text          0x00000000        0x0 src/C_CheckByte.o
 .data          0x00000000        0x0 src/C_CheckByte.o
 .bss           0x00000000        0x0 src/C_CheckByte.o
 .text.CheckByte
                0x00000000       0x26 src/C_CheckByte.o
 .debug_info    0x00000000       0xb0 src/C_CheckByte.o
 .debug_abbrev  0x00000000       0x7d src/C_CheckByte.o
 .debug_loc     0x00000000       0x69 src/C_CheckByte.o
 .debug_aranges
                0x00000000       0x20 src/C_CheckByte.o
 .debug_ranges  0x00000000       0x10 src/C_CheckByte.o
 .debug_macro   0x00000000      0xc1b src/C_CheckByte.o
 .debug_macro   0x00000000      0x1c9 src/C_CheckByte.o
 .debug_macro   0x00000000       0x10 src/C_CheckByte.o
 .debug_macro   0x00000000      0x302 src/C_CheckByte.o
 .debug_macro   0x00000000       0x9e src/C_CheckByte.o
 .debug_macro   0x00000000     0x1411 src/C_CheckByte.o
 .debug_macro   0x00000000      0x13a src/C_CheckByte.o
 .debug_macro   0x00000000       0xbd src/C_CheckByte.o
 .debug_macro   0x00000000       0x34 src/C_CheckByte.o
 .debug_macro   0x00000000       0x18 src/C_CheckByte.o
 .debug_macro   0x00000000       0x6c src/C_CheckByte.o
 .debug_line    0x00000000      0x25c src/C_CheckByte.o
 .debug_str     0x00000000     0x67ea src/C_CheckByte.o
 .comment       0x00000000       0x31 src/C_CheckByte.o
 .debug_frame   0x00000000       0x38 src/C_CheckByte.o
 .group         0x00000000        0x8 src/Display_ss.o
 .group         0x00000000        0x8 src/Display_ss.o
 .group         0x00000000        0x8 src/Display_ss.o
 .group         0x00000000        0x8 src/Display_ss.o
 .group         0x00000000        0x8 src/Display_ss.o
 .group         0x00000000        0x8 src/Display_ss.o
 .group         0x00000000        0x8 src/Display_ss.o
 .group         0x00000000        0x8 src/Display_ss.o
 .group         0x00000000        0x8 src/Display_ss.o
 .group         0x00000000        0x8 src/Display_ss.o
 .text          0x00000000        0x0 src/Display_ss.o
 .data          0x00000000        0x0 src/Display_ss.o
 .bss           0x00000000        0x0 src/Display_ss.o
 .bss.DisplayCount
                0x00000000        0x1 src/Display_ss.o
 .debug_macro   0x00000000      0x1c9 src/Display_ss.o
 .debug_macro   0x00000000       0x10 src/Display_ss.o
 .debug_macro   0x00000000      0x302 src/Display_ss.o
 .debug_macro   0x00000000       0x9e src/Display_ss.o
 .debug_macro   0x00000000     0x1411 src/Display_ss.o
 .debug_macro   0x00000000      0x13a src/Display_ss.o
 .debug_macro   0x00000000       0xbd src/Display_ss.o
 .debug_macro   0x00000000       0x34 src/Display_ss.o
 .debug_macro   0x00000000       0x18 src/Display_ss.o
 .debug_macro   0x00000000       0x6c src/Display_ss.o
 .data          0x00000000        0x0 src/DrvWs2812.o
 .bss           0x00000000        0x0 src/DrvWs2812.o
 .group         0x00000000        0x8 src/JoystickButton.o
 .group         0x00000000        0x8 src/JoystickButton.o
 .group         0x00000000        0x8 src/JoystickButton.o
 .group         0x00000000        0x8 src/JoystickButton.o
 .group         0x00000000        0x8 src/JoystickButton.o
 .group         0x00000000        0x8 src/JoystickButton.o
 .group         0x00000000        0x8 src/JoystickButton.o
 .group         0x00000000        0x8 src/JoystickButton.o
 .group         0x00000000        0x8 src/JoystickButton.o
 .group         0x00000000        0x8 src/JoystickButton.o
 .group         0x00000000        0x8 src/JoystickButton.o
 .group         0x00000000        0x8 src/JoystickButton.o
 .group         0x00000000        0x8 src/JoystickButton.o
 .group         0x00000000        0x8 src/JoystickButton.o
 .group         0x00000000        0x8 src/JoystickButton.o
 .group         0x00000000        0x8 src/JoystickButton.o
 .group         0x00000000        0x8 src/JoystickButton.o
 .group         0x00000000        0x8 src/JoystickButton.o
 .group         0x00000000        0x8 src/JoystickButton.o
 .group         0x00000000        0x8 src/JoystickButton.o
 .group         0x00000000        0x8 src/JoystickButton.o
 .group         0x00000000        0x8 src/JoystickButton.o
 .group         0x00000000        0x8 src/JoystickButton.o
 .group         0x00000000        0x8 src/JoystickButton.o
 .group         0x00000000        0x8 src/JoystickButton.o
 .group         0x00000000        0x8 src/JoystickButton.o
 .group         0x00000000        0x8 src/JoystickButton.o
 .group         0x00000000        0x8 src/JoystickButton.o
 .group         0x00000000        0x8 src/JoystickButton.o
 .text          0x00000000        0x0 src/JoystickButton.o
 .data          0x00000000        0x0 src/JoystickButton.o
 .bss           0x00000000        0x0 src/JoystickButton.o
 .debug_macro   0x00000000       0x10 src/JoystickButton.o
 .debug_macro   0x00000000      0x1c9 src/JoystickButton.o
 .debug_macro   0x00000000      0x2fc src/JoystickButton.o
 .debug_macro   0x00000000       0x9e src/JoystickButton.o
 .debug_macro   0x00000000     0x1411 src/JoystickButton.o
 .debug_macro   0x00000000      0x13a src/JoystickButton.o
 .debug_macro   0x00000000       0xbd src/JoystickButton.o
 .debug_macro   0x00000000       0x34 src/JoystickButton.o
 .debug_macro   0x00000000       0x18 src/JoystickButton.o
 .debug_macro   0x00000000       0x6c src/JoystickButton.o
 .debug_macro   0x00000000       0x1c src/JoystickButton.o
 .debug_macro   0x00000000       0x16 src/JoystickButton.o
 .group         0x00000000        0x8 src/Timer.o
 .group         0x00000000        0x8 src/Timer.o
 .group         0x00000000        0x8 src/Timer.o
 .group         0x00000000        0x8 src/Timer.o
 .group         0x00000000        0x8 src/Timer.o
 .group         0x00000000        0x8 src/Timer.o
 .group         0x00000000        0x8 src/Timer.o
 .group         0x00000000        0x8 src/Timer.o
 .group         0x00000000        0x8 src/Timer.o
 .group         0x00000000        0x8 src/Timer.o
 .group         0x00000000        0x8 src/Timer.o
 .group         0x00000000        0x8 src/Timer.o
 .group         0x00000000        0x8 src/Timer.o
 .group         0x00000000        0x8 src/Timer.o
 .group         0x00000000        0x8 src/Timer.o
 .group         0x00000000        0x8 src/Timer.o
 .group         0x00000000        0x8 src/Timer.o
 .group         0x00000000        0x8 src/Timer.o
 .group         0x00000000        0x8 src/Timer.o
 .group         0x00000000        0x8 src/Timer.o
 .group         0x00000000        0x8 src/Timer.o
 .group         0x00000000        0x8 src/Timer.o
 .group         0x00000000        0x8 src/Timer.o
 .group         0x00000000        0x8 src/Timer.o
 .group         0x00000000        0x8 src/Timer.o
 .group         0x00000000        0x8 src/Timer.o
 .group         0x00000000        0x8 src/Timer.o
 .group         0x00000000        0x8 src/Timer.o
 .group         0x00000000        0x8 src/Timer.o
 .group         0x00000000        0x8 src/Timer.o
 .text          0x00000000        0x0 src/Timer.o
 .data          0x00000000        0x0 src/Timer.o
 .bss           0x00000000        0x0 src/Timer.o
 .debug_macro   0x00000000      0x71d src/Timer.o
 .debug_macro   0x00000000       0x10 src/Timer.o
 .debug_macro   0x00000000      0x1c9 src/Timer.o
 .debug_macro   0x00000000      0x2fc src/Timer.o
 .debug_macro   0x00000000       0x9e src/Timer.o
 .debug_macro   0x00000000     0x1411 src/Timer.o
 .debug_macro   0x00000000      0x13a src/Timer.o
 .debug_macro   0x00000000       0xbd src/Timer.o
 .debug_macro   0x00000000       0x34 src/Timer.o
 .debug_macro   0x00000000       0x18 src/Timer.o
 .debug_macro   0x00000000       0x6c src/Timer.o
 .debug_macro   0x00000000       0x22 src/Timer.o
 .debug_macro   0x00000000      0x16d src/Timer.o
 .debug_macro   0x00000000       0x1c src/Timer.o
 .debug_macro   0x00000000       0x35 src/Timer.o
 .debug_macro   0x00000000       0x66 src/Timer.o
 .debug_macro   0x00000000       0x43 src/Timer.o
 .debug_macro   0x00000000       0x69 src/Timer.o
 .debug_macro   0x00000000       0x2b src/Timer.o
 .debug_macro   0x00000000       0x10 src/Timer.o
 .debug_macro   0x00000000       0xe2 src/Timer.o
 .debug_macro   0x00000000       0x40 src/Timer.o
 .debug_macro   0x00000000      0x100 src/Timer.o
 .debug_macro   0x00000000       0x56 src/Timer.o
 .debug_macro   0x00000000       0x40 src/Timer.o
 .debug_macro   0x00000000      0x2df src/Timer.o
 .debug_macro   0x00000000       0x1c src/Timer.o
 .debug_macro   0x00000000       0x58 src/Timer.o
 .debug_macro   0x00000000       0x16 src/Timer.o
 .debug_macro   0x00000000       0x10 src/Timer.o
 .group         0x00000000        0x8 src/UART.o
 .group         0x00000000        0x8 src/UART.o
 .group         0x00000000        0x8 src/UART.o
 .group         0x00000000        0x8 src/UART.o
 .group         0x00000000        0x8 src/UART.o
 .group         0x00000000        0x8 src/UART.o
 .group         0x00000000        0x8 src/UART.o
 .group         0x00000000        0x8 src/UART.o
 .group         0x00000000        0x8 src/UART.o
 .group         0x00000000        0x8 src/UART.o
 .group         0x00000000        0x8 src/UART.o
 .group         0x00000000        0x8 src/UART.o
 .group         0x00000000        0x8 src/UART.o
 .group         0x00000000        0x8 src/UART.o
 .group         0x00000000        0x8 src/UART.o
 .group         0x00000000        0x8 src/UART.o
 .group         0x00000000        0x8 src/UART.o
 .group         0x00000000        0x8 src/UART.o
 .group         0x00000000        0x8 src/UART.o
 .text          0x00000000        0x0 src/UART.o
 .data          0x00000000        0x0 src/UART.o
 .bss           0x00000000        0x0 src/UART.o
 .text.UART_rx_status
                0x00000000        0x6 src/UART.o
 .text.UART_get_data
                0x00000000        0x6 src/UART.o
 .text.UART_ReceivePolling
                0x00000000       0x10 src/UART.o
 .text.UART_send_data
                0x00000000        0x6 src/UART.o
 .text.uart_test
                0x00000000       0x14 src/UART.o
 .text.UART_TransmitInterrupt
                0x00000000       0x10 src/UART.o
 .text.send_num
                0x00000000       0x14 src/UART.o
 .debug_macro   0x00000000       0x10 src/UART.o
 .debug_macro   0x00000000      0x1c9 src/UART.o
 .debug_macro   0x00000000      0x2fc src/UART.o
 .debug_macro   0x00000000       0x9e src/UART.o
 .debug_macro   0x00000000     0x1411 src/UART.o
 .debug_macro   0x00000000      0x13a src/UART.o
 .debug_macro   0x00000000       0xbd src/UART.o
 .debug_macro   0x00000000       0x34 src/UART.o
 .debug_macro   0x00000000       0x18 src/UART.o
 .debug_macro   0x00000000       0x6c src/UART.o
 .debug_macro   0x00000000       0x10 src/UART.o
 .debug_macro   0x00000000      0x166 src/UART.o
 .debug_macro   0x00000000       0x69 src/UART.o
 .debug_macro   0x00000000       0x1c src/UART.o
 .debug_macro   0x00000000      0x10e src/UART.o
 .debug_macro   0x00000000       0x60 src/UART.o
 .debug_macro   0x00000000       0x10 src/UART.o
 .group         0x00000000        0x8 src/ASF/mega/boards/atmega328p_xplained_mini/init.o
 .group         0x00000000        0x8 src/ASF/mega/boards/atmega328p_xplained_mini/init.o
 .group         0x00000000        0x8 src/ASF/mega/boards/atmega328p_xplained_mini/init.o
 .group         0x00000000        0x8 src/ASF/mega/boards/atmega328p_xplained_mini/init.o
 .group         0x00000000        0x8 src/ASF/mega/boards/atmega328p_xplained_mini/init.o
 .group         0x00000000        0x8 src/ASF/mega/boards/atmega328p_xplained_mini/init.o
 .group         0x00000000        0x8 src/ASF/mega/boards/atmega328p_xplained_mini/init.o
 .group         0x00000000        0x8 src/ASF/mega/boards/atmega328p_xplained_mini/init.o
 .group         0x00000000        0x8 src/ASF/mega/boards/atmega328p_xplained_mini/init.o
 .group         0x00000000        0x8 src/ASF/mega/boards/atmega328p_xplained_mini/init.o
 .group         0x00000000        0x8 src/ASF/mega/boards/atmega328p_xplained_mini/init.o
 .group         0x00000000        0x8 src/ASF/mega/boards/atmega328p_xplained_mini/init.o
 .group         0x00000000        0x8 src/ASF/mega/boards/atmega328p_xplained_mini/init.o
 .group         0x00000000        0x8 src/ASF/mega/boards/atmega328p_xplained_mini/init.o
 .group         0x00000000        0x8 src/ASF/mega/boards/atmega328p_xplained_mini/init.o
 .group         0x00000000        0x8 src/ASF/mega/boards/atmega328p_xplained_mini/init.o
 .group         0x00000000        0x8 src/ASF/mega/boards/atmega328p_xplained_mini/init.o
 .group         0x00000000        0x8 src/ASF/mega/boards/atmega328p_xplained_mini/init.o
 .group         0x00000000        0x8 src/ASF/mega/boards/atmega328p_xplained_mini/init.o
 .group         0x00000000        0x8 src/ASF/mega/boards/atmega328p_xplained_mini/init.o
 .group         0x00000000        0x8 src/ASF/mega/boards/atmega328p_xplained_mini/init.o
 .group         0x00000000        0x8 src/ASF/mega/boards/atmega328p_xplained_mini/init.o
 .group         0x00000000        0x8 src/ASF/mega/boards/atmega328p_xplained_mini/init.o
 .group         0x00000000        0x8 src/ASF/mega/boards/atmega328p_xplained_mini/init.o
 .group         0x00000000        0x8 src/ASF/mega/boards/atmega328p_xplained_mini/init.o
 .group         0x00000000        0x8 src/ASF/mega/boards/atmega328p_xplained_mini/init.o
 .group         0x00000000        0x8 src/ASF/mega/boards/atmega328p_xplained_mini/init.o
 .group         0x00000000        0x8 src/ASF/mega/boards/atmega328p_xplained_mini/init.o
 .text          0x00000000        0x0 src/ASF/mega/boards/atmega328p_xplained_mini/init.o
 .data          0x00000000        0x0 src/ASF/mega/boards/atmega328p_xplained_mini/init.o
 .bss           0x00000000        0x0 src/ASF/mega/boards/atmega328p_xplained_mini/init.o
 .text.board_init
                0x00000000       0x12 src/ASF/mega/boards/atmega328p_xplained_mini/init.o
 .debug_info    0x00000000      0x282 src/ASF/mega/boards/atmega328p_xplained_mini/init.o
 .debug_abbrev  0x00000000      0x149 src/ASF/mega/boards/atmega328p_xplained_mini/init.o
 .debug_loc     0x00000000       0x50 src/ASF/mega/boards/atmega328p_xplained_mini/init.o
 .debug_aranges
                0x00000000       0x20 src/ASF/mega/boards/atmega328p_xplained_mini/init.o
 .debug_ranges  0x00000000       0x10 src/ASF/mega/boards/atmega328p_xplained_mini/init.o
 .debug_macro   0x00000000      0xcf7 src/ASF/mega/boards/atmega328p_xplained_mini/init.o
 .debug_macro   0x00000000       0x10 src/ASF/mega/boards/atmega328p_xplained_mini/init.o
 .debug_macro   0x00000000      0x1c9 src/ASF/mega/boards/atmega328p_xplained_mini/init.o
 .debug_macro   0x00000000      0x2fc src/ASF/mega/boards/atmega328p_xplained_mini/init.o
 .debug_macro   0x00000000       0x9e src/ASF/mega/boards/atmega328p_xplained_mini/init.o
 .debug_macro   0x00000000     0x1411 src/ASF/mega/boards/atmega328p_xplained_mini/init.o
 .debug_macro   0x00000000      0x13a src/ASF/mega/boards/atmega328p_xplained_mini/init.o
 .debug_macro   0x00000000       0xbd src/ASF/mega/boards/atmega328p_xplained_mini/init.o
 .debug_macro   0x00000000       0x34 src/ASF/mega/boards/atmega328p_xplained_mini/init.o
 .debug_macro   0x00000000       0x18 src/ASF/mega/boards/atmega328p_xplained_mini/init.o
 .debug_macro   0x00000000       0x6c src/ASF/mega/boards/atmega328p_xplained_mini/init.o
 .debug_macro   0x00000000       0x22 src/ASF/mega/boards/atmega328p_xplained_mini/init.o
 .debug_macro   0x00000000      0x16d src/ASF/mega/boards/atmega328p_xplained_mini/init.o
 .debug_macro   0x00000000       0x1c src/ASF/mega/boards/atmega328p_xplained_mini/init.o
 .debug_macro   0x00000000       0x35 src/ASF/mega/boards/atmega328p_xplained_mini/init.o
 .debug_macro   0x00000000       0x66 src/ASF/mega/boards/atmega328p_xplained_mini/init.o
 .debug_macro   0x00000000      0x71d src/ASF/mega/boards/atmega328p_xplained_mini/init.o
 .debug_macro   0x00000000       0x43 src/ASF/mega/boards/atmega328p_xplained_mini/init.o
 .debug_macro   0x00000000       0x69 src/ASF/mega/boards/atmega328p_xplained_mini/init.o
 .debug_macro   0x00000000       0x2b src/ASF/mega/boards/atmega328p_xplained_mini/init.o
 .debug_macro   0x00000000       0x10 src/ASF/mega/boards/atmega328p_xplained_mini/init.o
 .debug_macro   0x00000000       0xe2 src/ASF/mega/boards/atmega328p_xplained_mini/init.o
 .debug_macro   0x00000000       0x40 src/ASF/mega/boards/atmega328p_xplained_mini/init.o
 .debug_macro   0x00000000      0x100 src/ASF/mega/boards/atmega328p_xplained_mini/init.o
 .debug_macro   0x00000000      0x2d9 src/ASF/mega/boards/atmega328p_xplained_mini/init.o
 .debug_macro   0x00000000       0x56 src/ASF/mega/boards/atmega328p_xplained_mini/init.o
 .debug_macro   0x00000000       0x40 src/ASF/mega/boards/atmega328p_xplained_mini/init.o
 .debug_macro   0x00000000       0x16 src/ASF/mega/boards/atmega328p_xplained_mini/init.o
 .debug_macro   0x00000000       0x58 src/ASF/mega/boards/atmega328p_xplained_mini/init.o
 .debug_line    0x00000000      0x46c src/ASF/mega/boards/atmega328p_xplained_mini/init.o
 .debug_str     0x00000000    0x10a72 src/ASF/mega/boards/atmega328p_xplained_mini/init.o
 .comment       0x00000000       0x31 src/ASF/mega/boards/atmega328p_xplained_mini/init.o
 .debug_frame   0x00000000       0x24 src/ASF/mega/boards/atmega328p_xplained_mini/init.o
 .group         0x00000000        0x8 src/main.o
 .group         0x00000000        0x8 src/main.o
 .group         0x00000000        0x8 src/main.o
 .group         0x00000000        0x8 src/main.o
 .group         0x00000000        0x8 src/main.o
 .group         0x00000000        0x8 src/main.o
 .group         0x00000000        0x8 src/main.o
 .group         0x00000000        0x8 src/main.o
 .group         0x00000000        0x8 src/main.o
 .group         0x00000000        0x8 src/main.o
 .group         0x00000000        0x8 src/main.o
 .group         0x00000000        0x8 src/main.o
 .group         0x00000000        0x8 src/main.o
 .group         0x00000000        0x8 src/main.o
 .group         0x00000000        0x8 src/main.o
 .group         0x00000000        0x8 src/main.o
 .group         0x00000000        0x8 src/main.o
 .group         0x00000000        0x8 src/main.o
 .group         0x00000000        0x8 src/main.o
 .group         0x00000000        0x8 src/main.o
 .group         0x00000000        0x8 src/main.o
 .group         0x00000000        0x8 src/main.o
 .group         0x00000000        0x8 src/main.o
 .group         0x00000000        0x8 src/main.o
 .group         0x00000000        0x8 src/main.o
 .group         0x00000000        0x8 src/main.o
 .group         0x00000000        0x8 src/main.o
 .group         0x00000000        0x8 src/main.o
 .group         0x00000000        0x8 src/main.o
 .group         0x00000000        0x8 src/main.o
 .group         0x00000000        0x8 src/main.o
 .group         0x00000000        0x8 src/main.o
 .group         0x00000000        0x8 src/main.o
 .group         0x00000000        0x8 src/main.o
 .group         0x00000000        0x8 src/main.o
 .text          0x00000000        0x0 src/main.o
 .data          0x00000000        0x0 src/main.o
 .bss           0x00000000        0x0 src/main.o
 .text.softdelay
                0x00000000       0x60 src/main.o
 .data.msg      0x00000000       0x1a src/main.o
 .rodata.arriba_max
                0x00000000        0x2 src/main.o
 .rodata.arriba_min
                0x00000000        0x2 src/main.o
 .rodata.abajo_max
                0x00000000        0x2 src/main.o
 .rodata.abajo_min
                0x00000000        0x2 src/main.o
 .rodata.izquierda_max
                0x00000000        0x2 src/main.o
 .rodata.izquierda_min
                0x00000000        0x2 src/main.o
 .rodata.derecha_max
                0x00000000        0x2 src/main.o
 .rodata.derecha_min
                0x00000000        0x2 src/main.o
 .data.tocado   0x00000000        0x3 src/main.o
 .data.agua     0x00000000        0x3 src/main.o
 .data.disparado
                0x00000000        0x3 src/main.o
 .debug_macro   0x00000000      0x71d src/main.o
 .debug_macro   0x00000000       0x10 src/main.o
 .debug_macro   0x00000000      0x1c9 src/main.o
 .debug_macro   0x00000000      0x2fc src/main.o
 .debug_macro   0x00000000       0x9e src/main.o
 .debug_macro   0x00000000     0x1411 src/main.o
 .debug_macro   0x00000000      0x13a src/main.o
 .debug_macro   0x00000000       0xbd src/main.o
 .debug_macro   0x00000000       0x34 src/main.o
 .debug_macro   0x00000000       0x18 src/main.o
 .debug_macro   0x00000000       0x6c src/main.o
 .debug_macro   0x00000000       0x22 src/main.o
 .debug_macro   0x00000000      0x16d src/main.o
 .debug_macro   0x00000000       0x1c src/main.o
 .debug_macro   0x00000000       0x35 src/main.o
 .debug_macro   0x00000000       0x66 src/main.o
 .debug_macro   0x00000000       0x43 src/main.o
 .debug_macro   0x00000000       0x69 src/main.o
 .debug_macro   0x00000000       0x2b src/main.o
 .debug_macro   0x00000000       0x10 src/main.o
 .debug_macro   0x00000000       0xe2 src/main.o
 .debug_macro   0x00000000       0x40 src/main.o
 .debug_macro   0x00000000      0x100 src/main.o
 .debug_macro   0x00000000       0x56 src/main.o
 .debug_macro   0x00000000       0x40 src/main.o
 .debug_macro   0x00000000      0x2df src/main.o
 .debug_macro   0x00000000       0x1c src/main.o
 .debug_macro   0x00000000       0x58 src/main.o
 .debug_macro   0x00000000       0x10 src/main.o
 .debug_macro   0x00000000       0x16 src/main.o
 .debug_macro   0x00000000       0x16 src/main.o
 .text          0x00000000        0x0 c:/program files (x86)/atmel/studio/7.0/toolchain/avr8/avr8-gnu-toolchain/bin/../lib/gcc/avr/5.4.0/avr5\libgcc.a(_exit.o)
 .data          0x00000000        0x0 c:/program files (x86)/atmel/studio/7.0/toolchain/avr8/avr8-gnu-toolchain/bin/../lib/gcc/avr/5.4.0/avr5\libgcc.a(_exit.o)
 .bss           0x00000000        0x0 c:/program files (x86)/atmel/studio/7.0/toolchain/avr8/avr8-gnu-toolchain/bin/../lib/gcc/avr/5.4.0/avr5\libgcc.a(_exit.o)
 .text.libgcc.mul
                0x00000000        0x0 c:/program files (x86)/atmel/studio/7.0/toolchain/avr8/avr8-gnu-toolchain/bin/../lib/gcc/avr/5.4.0/avr5\libgcc.a(_exit.o)
 .text.libgcc.div
                0x00000000        0x0 c:/program files (x86)/atmel/studio/7.0/toolchain/avr8/avr8-gnu-toolchain/bin/../lib/gcc/avr/5.4.0/avr5\libgcc.a(_exit.o)
 .text.libgcc   0x00000000        0x0 c:/program files (x86)/atmel/studio/7.0/toolchain/avr8/avr8-gnu-toolchain/bin/../lib/gcc/avr/5.4.0/avr5\libgcc.a(_exit.o)
 .text.libgcc.prologue
                0x00000000        0x0 c:/program files (x86)/atmel/studio/7.0/toolchain/avr8/avr8-gnu-toolchain/bin/../lib/gcc/avr/5.4.0/avr5\libgcc.a(_exit.o)
 .text.libgcc.builtins
                0x00000000        0x0 c:/program files (x86)/atmel/studio/7.0/toolchain/avr8/avr8-gnu-toolchain/bin/../lib/gcc/avr/5.4.0/avr5\libgcc.a(_exit.o)
 .text.libgcc.fmul
                0x00000000        0x0 c:/program files (x86)/atmel/studio/7.0/toolchain/avr8/avr8-gnu-toolchain/bin/../lib/gcc/avr/5.4.0/avr5\libgcc.a(_exit.o)
 .text.libgcc.fixed
                0x00000000        0x0 c:/program files (x86)/atmel/studio/7.0/toolchain/avr8/avr8-gnu-toolchain/bin/../lib/gcc/avr/5.4.0/avr5\libgcc.a(_exit.o)
 .text          0x00000000        0x0 c:/program files (x86)/atmel/studio/7.0/toolchain/avr8/avr8-gnu-toolchain/bin/../lib/gcc/avr/5.4.0/avr5\libgcc.a(_copy_data.o)
 .data          0x00000000        0x0 c:/program files (x86)/atmel/studio/7.0/toolchain/avr8/avr8-gnu-toolchain/bin/../lib/gcc/avr/5.4.0/avr5\libgcc.a(_copy_data.o)
 .bss           0x00000000        0x0 c:/program files (x86)/atmel/studio/7.0/toolchain/avr8/avr8-gnu-toolchain/bin/../lib/gcc/avr/5.4.0/avr5\libgcc.a(_copy_data.o)
 .text.libgcc.mul
                0x00000000        0x0 c:/program files (x86)/atmel/studio/7.0/toolchain/avr8/avr8-gnu-toolchain/bin/../lib/gcc/avr/5.4.0/avr5\libgcc.a(_copy_data.o)
 .text.libgcc.div
                0x00000000        0x0 c:/program files (x86)/atmel/studio/7.0/toolchain/avr8/avr8-gnu-toolchain/bin/../lib/gcc/avr/5.4.0/avr5\libgcc.a(_copy_data.o)
 .text.libgcc   0x00000000        0x0 c:/program files (x86)/atmel/studio/7.0/toolchain/avr8/avr8-gnu-toolchain/bin/../lib/gcc/avr/5.4.0/avr5\libgcc.a(_copy_data.o)
 .text.libgcc.prologue
                0x00000000        0x0 c:/program files (x86)/atmel/studio/7.0/toolchain/avr8/avr8-gnu-toolchain/bin/../lib/gcc/avr/5.4.0/avr5\libgcc.a(_copy_data.o)
 .text.libgcc.builtins
                0x00000000        0x0 c:/program files (x86)/atmel/studio/7.0/toolchain/avr8/avr8-gnu-toolchain/bin/../lib/gcc/avr/5.4.0/avr5\libgcc.a(_copy_data.o)
 .text.libgcc.fmul
                0x00000000        0x0 c:/program files (x86)/atmel/studio/7.0/toolchain/avr8/avr8-gnu-toolchain/bin/../lib/gcc/avr/5.4.0/avr5\libgcc.a(_copy_data.o)
 .text.libgcc.fixed
                0x00000000        0x0 c:/program files (x86)/atmel/studio/7.0/toolchain/avr8/avr8-gnu-toolchain/bin/../lib/gcc/avr/5.4.0/avr5\libgcc.a(_copy_data.o)
 .text          0x00000000        0x0 c:/program files (x86)/atmel/studio/7.0/toolchain/avr8/avr8-gnu-toolchain/bin/../lib/gcc/avr/5.4.0/avr5\libgcc.a(_clear_bss.o)
 .data          0x00000000        0x0 c:/program files (x86)/atmel/studio/7.0/toolchain/avr8/avr8-gnu-toolchain/bin/../lib/gcc/avr/5.4.0/avr5\libgcc.a(_clear_bss.o)
 .bss           0x00000000        0x0 c:/program files (x86)/atmel/studio/7.0/toolchain/avr8/avr8-gnu-toolchain/bin/../lib/gcc/avr/5.4.0/avr5\libgcc.a(_clear_bss.o)
 .text.libgcc.mul
                0x00000000        0x0 c:/program files (x86)/atmel/studio/7.0/toolchain/avr8/avr8-gnu-toolchain/bin/../lib/gcc/avr/5.4.0/avr5\libgcc.a(_clear_bss.o)
 .text.libgcc.div
                0x00000000        0x0 c:/program files (x86)/atmel/studio/7.0/toolchain/avr8/avr8-gnu-toolchain/bin/../lib/gcc/avr/5.4.0/avr5\libgcc.a(_clear_bss.o)
 .text.libgcc   0x00000000        0x0 c:/program files (x86)/atmel/studio/7.0/toolchain/avr8/avr8-gnu-toolchain/bin/../lib/gcc/avr/5.4.0/avr5\libgcc.a(_clear_bss.o)
 .text.libgcc.prologue
                0x00000000        0x0 c:/program files (x86)/atmel/studio/7.0/toolchain/avr8/avr8-gnu-toolchain/bin/../lib/gcc/avr/5.4.0/avr5\libgcc.a(_clear_bss.o)
 .text.libgcc.builtins
                0x00000000        0x0 c:/program files (x86)/atmel/studio/7.0/toolchain/avr8/avr8-gnu-toolchain/bin/../lib/gcc/avr/5.4.0/avr5\libgcc.a(_clear_bss.o)
 .text.libgcc.fmul
                0x00000000        0x0 c:/program files (x86)/atmel/studio/7.0/toolchain/avr8/avr8-gnu-toolchain/bin/../lib/gcc/avr/5.4.0/avr5\libgcc.a(_clear_bss.o)
 .text.libgcc.fixed
                0x00000000        0x0 c:/program files (x86)/atmel/studio/7.0/toolchain/avr8/avr8-gnu-toolchain/bin/../lib/gcc/avr/5.4.0/avr5\libgcc.a(_clear_bss.o)
 .text          0x00000000        0x0 c:/program files (x86)/atmel/studio/7.0/toolchain/avr8/avr8-gnu-toolchain/bin/../lib/gcc/avr/5.4.0/../../../../avr/lib/avr5\libc.a(itoa_ncheck.o)
 .data          0x00000000        0x0 c:/program files (x86)/atmel/studio/7.0/toolchain/avr8/avr8-gnu-toolchain/bin/../lib/gcc/avr/5.4.0/../../../../avr/lib/avr5\libc.a(itoa_ncheck.o)
 .bss           0x00000000        0x0 c:/program files (x86)/atmel/studio/7.0/toolchain/avr8/avr8-gnu-toolchain/bin/../lib/gcc/avr/5.4.0/../../../../avr/lib/avr5\libc.a(itoa_ncheck.o)
 .text.avr-libc
                0x00000000       0x16 c:/program files (x86)/atmel/studio/7.0/toolchain/avr8/avr8-gnu-toolchain/bin/../lib/gcc/avr/5.4.0/../../../../avr/lib/avr5\libc.a(itoa_ncheck.o)
 .text          0x00000000        0x0 c:/program files (x86)/atmel/studio/7.0/toolchain/avr8/avr8-gnu-toolchain/bin/../lib/gcc/avr/5.4.0/../../../../avr/lib/avr5\libc.a(utoa_ncheck.o)
 .data          0x00000000        0x0 c:/program files (x86)/atmel/studio/7.0/toolchain/avr8/avr8-gnu-toolchain/bin/../lib/gcc/avr/5.4.0/../../../../avr/lib/avr5\libc.a(utoa_ncheck.o)
 .bss           0x00000000        0x0 c:/program files (x86)/atmel/studio/7.0/toolchain/avr8/avr8-gnu-toolchain/bin/../lib/gcc/avr/5.4.0/../../../../avr/lib/avr5\libc.a(utoa_ncheck.o)
 .text.avr-libc
                0x00000000       0x34 c:/program files (x86)/atmel/studio/7.0/toolchain/avr8/avr8-gnu-toolchain/bin/../lib/gcc/avr/5.4.0/../../../../avr/lib/avr5\libc.a(utoa_ncheck.o)
 .text          0x00000000        0x0 c:/program files (x86)/atmel/studio/7.0/toolchain/avr8/avr8-gnu-toolchain/bin/../lib/gcc/avr/5.4.0/../../../../avr/lib/avr5\libc.a(strrev.o)
 .data          0x00000000        0x0 c:/program files (x86)/atmel/studio/7.0/toolchain/avr8/avr8-gnu-toolchain/bin/../lib/gcc/avr/5.4.0/../../../../avr/lib/avr5\libc.a(strrev.o)
 .bss           0x00000000        0x0 c:/program files (x86)/atmel/studio/7.0/toolchain/avr8/avr8-gnu-toolchain/bin/../lib/gcc/avr/5.4.0/../../../../avr/lib/avr5\libc.a(strrev.o)
 .text.avr-libc
                0x00000000       0x20 c:/program files (x86)/atmel/studio/7.0/toolchain/avr8/avr8-gnu-toolchain/bin/../lib/gcc/avr/5.4.0/../../../../avr/lib/avr5\libc.a(strrev.o)

Memory Configuration

Name             Origin             Length             Attributes
text             0x00000000         0x00008000         xr
data             0x00800100         0x00000800         rw !x
eeprom           0x00810000         0x00000400         rw !x
fuse             0x00820000         0x00000003         rw !x
lock             0x00830000         0x00000400         rw !x
signature        0x00840000         0x00000400         rw !x
user_signatures  0x00850000         0x00000400         rw !x
*default*        0x00000000         0xffffffff

Linker script and memory map

Address of section .data set to 0x800100
LOAD C:/Program Files (x86)/Atmel/Studio/7.0/Packs/atmel/ATmega_DFP/1.7.374/gcc/dev/atmega328p/avr5/crtatmega328p.o
LOAD src/ADC.o
LOAD src/AssemblyDisplay.o
LOAD src/config/JoystickInit.o
LOAD src/cqueue.o
LOAD src/C_CheckByte.o
LOAD src/Display_ss.o
LOAD src/DrvWs2812.o
LOAD src/JoystickButton.o
LOAD src/Timer.o
LOAD src/UART.o
LOAD src/ASF/mega/boards/atmega328p_xplained_mini/init.o
LOAD src/main.o
START GROUP
LOAD c:/program files (x86)/atmel/studio/7.0/toolchain/avr8/avr8-gnu-toolchain/bin/../lib/gcc/avr/5.4.0/../../../../avr/lib/avr5\libm.a
END GROUP
START GROUP
LOAD c:/program files (x86)/atmel/studio/7.0/toolchain/avr8/avr8-gnu-toolchain/bin/../lib/gcc/avr/5.4.0/avr5\libgcc.a
LOAD c:/program files (x86)/atmel/studio/7.0/toolchain/avr8/avr8-gnu-toolchain/bin/../lib/gcc/avr/5.4.0/../../../../avr/lib/avr5\libm.a
LOAD c:/program files (x86)/atmel/studio/7.0/toolchain/avr8/avr8-gnu-toolchain/bin/../lib/gcc/avr/5.4.0/../../../../avr/lib/avr5\libc.a
LOAD C:/Program Files (x86)/Atmel/Studio/7.0/Packs/atmel/ATmega_DFP/1.7.374/gcc/dev/atmega328p/avr5\libatmega328p.a
END GROUP
                0x00000000                __TEXT_REGION_ORIGIN__ = DEFINED (__TEXT_REGION_ORIGIN__)?__TEXT_REGION_ORIGIN__:0x0
                [0x00800100]                __DATA_REGION_ORIGIN__ = DEFINED (__DATA_REGION_ORIGIN__)?__DATA_REGION_ORIGIN__:0x800060
                [0x00008000]                __TEXT_REGION_LENGTH__ = DEFINED (__TEXT_REGION_LENGTH__)?__TEXT_REGION_LENGTH__:0x20000
                [0x00000800]                __DATA_REGION_LENGTH__ = DEFINED (__DATA_REGION_LENGTH__)?__DATA_REGION_LENGTH__:0xffa0
                [0x00000400]                __EEPROM_REGION_LENGTH__ = DEFINED (__EEPROM_REGION_LENGTH__)?__EEPROM_REGION_LENGTH__:0x10000
                [0x00000003]                __FUSE_REGION_LENGTH__ = DEFINED (__FUSE_REGION_LENGTH__)?__FUSE_REGION_LENGTH__:0x400
                0x00000400                __LOCK_REGION_LENGTH__ = DEFINED (__LOCK_REGION_LENGTH__)?__LOCK_REGION_LENGTH__:0x400
                0x00000400                __SIGNATURE_REGION_LENGTH__ = DEFINED (__SIGNATURE_REGION_LENGTH__)?__SIGNATURE_REGION_LENGTH__:0x400
                0x00000400                __USER_SIGNATURE_REGION_LENGTH__ = DEFINED (__USER_SIGNATURE_REGION_LENGTH__)?__USER_SIGNATURE_REGION_LENGTH__:0x400

.hash
 *(.hash)

.dynsym
 *(.dynsym)

.dynstr
 *(.dynstr)

.gnu.version
 *(.gnu.version)

.gnu.version_d
 *(.gnu.version_d)

.gnu.version_r
 *(.gnu.version_r)

.rel.init
 *(.rel.init)

.rela.init
 *(.rela.init)

.rel.text
 *(.rel.text)
 *(.rel.text.*)
 *(.rel.gnu.linkonce.t*)

.rela.text
 *(.rela.text)
 *(.rela.text.*)
 *(.rela.gnu.linkonce.t*)

.rel.fini
 *(.rel.fini)

.rela.fini
 *(.rela.fini)

.rel.rodata
 *(.rel.rodata)
 *(.rel.rodata.*)
 *(.rel.gnu.linkonce.r*)

.rela.rodata
 *(.rela.rodata)
 *(.rela.rodata.*)
 *(.rela.gnu.linkonce.r*)

.rel.data
 *(.rel.data)
 *(.rel.data.*)
 *(.rel.gnu.linkonce.d*)

.rela.data
 *(.rela.data)
 *(.rela.data.*)
 *(.rela.gnu.linkonce.d*)

.rel.ctors
 *(.rel.ctors)

.rela.ctors
 *(.rela.ctors)

.rel.dtors
 *(.rel.dtors)

.rela.dtors
 *(.rela.dtors)

.rel.got
 *(.rel.got)

.rela.got
 *(.rela.got)

.rel.bss
 *(.rel.bss)

.rela.bss
 *(.rela.bss)

.rel.plt
 *(.rel.plt)

.rela.plt
 *(.rela.plt)

.text           0x00000000      0x9d6
 *(.vectors)
 .vectors       0x00000000       0x68 C:/Program Files (x86)/Atmel/Studio/7.0/Packs/atmel/ATmega_DFP/1.7.374/gcc/dev/atmega328p/avr5/crtatmega328p.o
                0x00000000                __vector_default
                0x00000000                __vectors
 *(.vectors)
 *(.progmem.gcc*)
                0x00000068                . = ALIGN (0x2)
                0x00000068                __trampolines_start = .
 *(.trampolines)
 .trampolines   0x00000068        0x0 linker stubs
 *(.trampolines*)
                0x00000068                __trampolines_end = .
 *libprintf_flt.a:*(.progmem.data)
 *libc.a:*(.progmem.data)
 *(.progmem*)
                0x00000068                . = ALIGN (0x2)
 *(.jumptables)
 *(.jumptables*)
 *(.lowtext)
 *(.lowtext*)
                0x00000068                __ctors_start = .
 *(.ctors)
                0x00000068                __ctors_end = .
                0x00000068                __dtors_start = .
 *(.dtors)
                0x00000068                __dtors_end = .
 SORT(*)(.ctors)
 SORT(*)(.dtors)
 *(.init0)
 .init0         0x00000068        0x0 C:/Program Files (x86)/Atmel/Studio/7.0/Packs/atmel/ATmega_DFP/1.7.374/gcc/dev/atmega328p/avr5/crtatmega328p.o
                0x00000068                __init
 *(.init0)
 *(.init1)
 *(.init1)
 *(.init2)
 .init2         0x00000068        0xc C:/Program Files (x86)/Atmel/Studio/7.0/Packs/atmel/ATmega_DFP/1.7.374/gcc/dev/atmega328p/avr5/crtatmega328p.o
 *(.init2)
 *(.init3)
 *(.init3)
 *(.init4)
 .init4         0x00000074       0x16 c:/program files (x86)/atmel/studio/7.0/toolchain/avr8/avr8-gnu-toolchain/bin/../lib/gcc/avr/5.4.0/avr5\libgcc.a(_copy_data.o)
                0x00000074                __do_copy_data
 .init4         0x0000008a       0x10 c:/program files (x86)/atmel/studio/7.0/toolchain/avr8/avr8-gnu-toolchain/bin/../lib/gcc/avr/5.4.0/avr5\libgcc.a(_clear_bss.o)
                0x0000008a                __do_clear_bss
 *(.init4)
 *(.init5)
 *(.init5)
 *(.init6)
 *(.init6)
 *(.init7)
 *(.init7)
 *(.init8)
 *(.init8)
 *(.init9)
 .init9         0x0000009a        0x4 C:/Program Files (x86)/Atmel/Studio/7.0/Packs/atmel/ATmega_DFP/1.7.374/gcc/dev/atmega328p/avr5/crtatmega328p.o
 *(.init9)
 *(.text)
 .text          0x0000009e        0x2 C:/Program Files (x86)/Atmel/Studio/7.0/Packs/atmel/ATmega_DFP/1.7.374/gcc/dev/atmega328p/avr5/crtatmega328p.o
                0x0000009e                __vector_22
                0x0000009e                __vector_1
                0x0000009e                __vector_24
                0x0000009e                __vector_12
                0x0000009e                __bad_interrupt
                0x0000009e                __vector_6
                0x0000009e                __vector_3
                0x0000009e                __vector_23
                0x0000009e                __vector_25
                0x0000009e                __vector_11
                0x0000009e                __vector_13
                0x0000009e                __vector_17
                0x0000009e                __vector_7
                0x0000009e                __vector_5
                0x0000009e                __vector_4
                0x0000009e                __vector_9
                0x0000009e                __vector_2
                0x0000009e                __vector_21
                0x0000009e                __vector_15
                0x0000009e                __vector_8
                0x0000009e                __vector_10
                0x0000009e                __vector_16
                0x0000009e                __vector_20
 .text          0x000000a0       0x50 src/AssemblyDisplay.o
                0x000000a0                ss_Init
                0x000000ba                ss_SendByte
                0x000000e6                ss_Wrt2Latch
 .text          0x000000f0       0x12 src/config/JoystickInit.o
                0x000000f0                joybutton_Init
 .text          0x00000102       0xae src/DrvWs2812.o
                0x00000102                init_ws2812
                0x00000116                wrt_ws2812
                0x000001b0                . = ALIGN (0x2)
 *(.text.*)
 .text.adc_init
                0x000001b0       0x22 src/ADC.o
                0x000001b0                adc_init
 .text.read_adc
                0x000001d2       0x2a src/ADC.o
                0x000001d2                read_adc
 .text.read_VRY
                0x000001fc        0x6 src/ADC.o
                0x000001fc                read_VRY
 .text.read_VRX
                0x00000202        0x6 src/ADC.o
                0x00000202                read_VRX
 .text.QueueInit
                0x00000208       0x1a src/cqueue.o
                0x00000208                QueueInit
 .text.PushQueue
                0x00000222       0x44 src/cqueue.o
                0x00000222                PushQueue
 .text.display_init
                0x00000266        0xa src/Display_ss.o
                0x00000266                display_init
 .text.display_resfesh
                0x00000270       0x22 src/Display_ss.o
                0x00000270                display_resfesh
 .text.set_P1   0x00000292       0x26 src/Display_ss.o
                0x00000292                set_P1
 .text.set_P2   0x000002b8       0x26 src/Display_ss.o
                0x000002b8                set_P2
 .text.button_check
                0x000002de       0x18 src/JoystickButton.o
                0x000002de                button_check
 .text.Joystick
                0x000002f6       0xd6 src/JoystickButton.o
                0x000002f6                Joystick
 .text.init_RTI
                0x000003cc       0x12 src/Timer.o
                0x000003cc                init_RTI
 .text.__vector_14
                0x000003de      0x110 src/Timer.o
                0x000003de                __vector_14
 .text.UART_Init
                0x000004ee       0x2e src/UART.o
                0x000004ee                UART_Init
 .text.UART_TransmitPolling
                0x0000051c       0x10 src/UART.o
                0x0000051c                UART_TransmitPolling
 .text.UART_putstring
                0x0000052c       0x1c src/UART.o
                0x0000052c                UART_putstring
 .text.__vector_19
                0x00000548       0x32 src/UART.o
                0x00000548                __vector_19
 .text.__vector_18
                0x0000057a       0x4a src/UART.o
                0x0000057a                __vector_18
 .text.ShootP1  0x000005c4       0x56 src/main.o
                0x000005c4                ShootP1
 .text.ShootP2  0x0000061a       0x56 src/main.o
                0x0000061a                ShootP2
 .text.Mostrar_Matriz_2
                0x00000670       0x3e src/main.o
                0x00000670                Mostrar_Matriz_2
 .text.Mostrar_Matriz_1
                0x000006ae       0x3e src/main.o
                0x000006ae                Mostrar_Matriz_1
 .text.clear_disp
                0x000006ec       0x38 src/main.o
                0x000006ec                clear_disp
 .text.TurnoP1  0x00000724       0xee src/main.o
                0x00000724                TurnoP1
 .text.TurnoP2  0x00000812       0xee src/main.o
                0x00000812                TurnoP2
 .text.Game_Logic
                0x00000900       0x18 src/main.o
                0x00000900                Game_Logic
 .text.main     0x00000918       0xba src/main.o
                0x00000918                main
                0x000009d2                . = ALIGN (0x2)
 *(.fini9)
 .fini9         0x000009d2        0x0 c:/program files (x86)/atmel/studio/7.0/toolchain/avr8/avr8-gnu-toolchain/bin/../lib/gcc/avr/5.4.0/avr5\libgcc.a(_exit.o)
                0x000009d2                _exit
                0x000009d2                exit
 *(.fini9)
 *(.fini8)
 *(.fini8)
 *(.fini7)
 *(.fini7)
 *(.fini6)
 *(.fini6)
 *(.fini5)
 *(.fini5)
 *(.fini4)
 *(.fini4)
 *(.fini3)
 *(.fini3)
 *(.fini2)
 *(.fini2)
 *(.fini1)
 *(.fini1)
 *(.fini0)
 .fini0         0x000009d2        0x4 c:/program files (x86)/atmel/studio/7.0/toolchain/avr8/avr8-gnu-toolchain/bin/../lib/gcc/avr/5.4.0/avr5\libgcc.a(_exit.o)
 *(.fini0)
                0x000009d6                _etext = .

.data           0x00800100       0x28 load address 0x000009d6
                0x00800100                PROVIDE (__data_start, .)
 *(.data)
 *(.data*)
 .data.Digit_selector
                0x00800100        0x4 src/Display_ss.o
                0x00800100                Digit_selector
 .data.Player_table
                0x00800104        0x4 src/Display_ss.o
                0x00800104                Player_table
 .data.SS_table
                0x00800108        0xa src/Display_ss.o
                0x00800108                SS_table
 .data.Turno    0x00800112        0x1 src/Timer.o
                0x00800112                Turno
 .data.ContadorPuntero
                0x00800113        0x2 src/Timer.o
                0x00800113                ContadorPuntero
 .data.Joystickbutton_CountTimer
                0x00800115        0x2 src/Timer.o
                0x00800115                Joystickbutton_CountTimer
 .data.Joystick_CountTimer
                0x00800117        0x2 src/Timer.o
                0x00800117                Joystick_CountTimer
 .data.punteroP2
                0x00800119        0x3 src/main.o
                0x00800119                punteroP2
 .data.punteroP1
                0x0080011c        0x3 src/main.o
                0x0080011c                punteroP1
 .data.hundido  0x0080011f        0x3 src/main.o
                0x0080011f                hundido
 *(.gnu.linkonce.d*)
 *(.rodata)
 *(.rodata*)
 .rodata.str1.1
                0x00800122        0x5 src/main.o
 *(.gnu.linkonce.r*)
                0x00800128                . = ALIGN (0x2)
 *fill*         0x00800127        0x1 
                0x00800128                _edata = .
                0x00800128                PROVIDE (__data_end, .)

.bss            0x00800128      0x277
                0x00800128                PROVIDE (__bss_start, .)
 *(.bss)
 *(.bss*)
 .bss.pout      0x00800128        0x2 src/cqueue.o
 .bss.pin       0x0080012a        0x2 src/cqueue.o
 .bss.news      0x0080012c        0x1 src/cqueue.o
 .bss.buffer    0x0080012d       0x14 src/cqueue.o
 .bss.Player2_Hits
                0x00800141        0x1 src/Display_ss.o
                0x00800141                Player2_Hits
 .bss.Player1_Hits
                0x00800142        0x1 src/Display_ss.o
                0x00800142                Player1_Hits
 .bss.digit_display
                0x00800143        0x1 src/Timer.o
                0x00800143                digit_display
 .bss.Apagado   0x00800144        0x3 src/main.o
                0x00800144                Apagado
 *(COMMON)
 COMMON         0x00800147        0x4 src/Display_ss.o
                0x00800147                Digit_values
 COMMON         0x0080014b        0x6 src/JoystickButton.o
                0x0080014b                ispressed
                0x0080014d                ijoy
                0x0080014f                jjoy
 COMMON         0x00800151        0xc src/UART.o
                0x00800151                USART_ReceiveBuffer
                0x00800152                msgg
                0x0080015c                USART_TransmitBuffer
 COMMON         0x0080015d      0x242 src/main.o
                0x0080015d                Matriz_P1
                0x0080021d                Matriz_P2
                0x008002dd                p2disp
                0x008002df                Matriz_RGB
                0x0080039f                PROVIDE (__bss_end, .)
                0x000009d6                __data_load_start = LOADADDR (.data)
                0x000009fe                __data_load_end = (__data_load_start + SIZEOF (.data))

.noinit         0x0080039f        0x0
                [!provide]                PROVIDE (__noinit_start, .)
 *(.noinit*)
                [!provide]                PROVIDE (__noinit_end, .)
                0x0080039f                _end = .
                [!provide]                PROVIDE (__heap_start, .)

.eeprom         0x00810000        0x0
 *(.eeprom*)
                0x00810000                __eeprom_end = .

.fuse
 *(.fuse)
 *(.lfuse)
 *(.hfuse)
 *(.efuse)

.lock
 *(.lock*)

.signature
 *(.signature*)

.user_signatures
 *(.user_signatures*)

.stab
 *(.stab)

.stabstr
 *(.stabstr)

.stab.excl
 *(.stab.excl)

.stab.exclstr
 *(.stab.exclstr)

.stab.index
 *(.stab.index)

.stab.indexstr
 *(.stab.indexstr)

.comment        0x00000000       0x30
 *(.comment)
 .comment       0x00000000       0x30 src/ADC.o
                                 0x31 (size before relaxing)
 .comment       0x00000030       0x31 src/cqueue.o
 .comment       0x00000030       0x31 src/Display_ss.o
 .comment       0x00000030       0x31 src/JoystickButton.o
 .comment       0x00000030       0x31 src/Timer.o
 .comment       0x00000030       0x31 src/UART.o
 .comment       0x00000030       0x31 src/main.o

.note.gnu.avr.deviceinfo
                0x00000000       0x40
 .note.gnu.avr.deviceinfo
                0x00000000       0x40 C:/Program Files (x86)/Atmel/Studio/7.0/Packs/atmel/ATmega_DFP/1.7.374/gcc/dev/atmega328p/avr5/crtatmega328p.o

.note.gnu.build-id
 *(.note.gnu.build-id)

.debug
 *(.debug)

.line
 *(.line)

.debug_srcinfo
 *(.debug_srcinfo)

.debug_sfnames
 *(.debug_sfnames)

.debug_aranges  0x00000000      0x238
 *(.debug_aranges)
 .debug_aranges
                0x00000000       0x38 src/ADC.o
 .debug_aranges
                0x00000038       0x20 src/AssemblyDisplay.o
 .debug_aranges
                0x00000058       0x20 src/config/JoystickInit.o
 .debug_aranges
                0x00000078       0x38 src/cqueue.o
 .debug_aranges
                0x000000b0       0x38 src/Display_ss.o
 .debug_aranges
                0x000000e8       0x20 src/DrvWs2812.o
 .debug_aranges
                0x00000108       0x28 src/JoystickButton.o
 .debug_aranges
                0x00000130       0x28 src/Timer.o
 .debug_aranges
                0x00000158       0x78 src/UART.o
 .debug_aranges
                0x000001d0       0x68 src/main.o

.debug_pubnames
 *(.debug_pubnames)

.debug_info     0x00000000     0x1d28
 *(.debug_info .gnu.linkonce.wi.*)
 .debug_info    0x00000000      0x5f4 C:/Program Files (x86)/Atmel/Studio/7.0/Packs/atmel/ATmega_DFP/1.7.374/gcc/dev/atmega328p/avr5/crtatmega328p.o
 .debug_info    0x000005f4      0x12e src/ADC.o
 .debug_info    0x00000722       0x78 src/AssemblyDisplay.o
 .debug_info    0x0000079a       0x7c src/config/JoystickInit.o
 .debug_info    0x00000816      0x120 src/cqueue.o
 .debug_info    0x00000936      0x1d7 src/Display_ss.o
 .debug_info    0x00000b0d       0x72 src/DrvWs2812.o
 .debug_info    0x00000b7f      0x170 src/JoystickButton.o
 .debug_info    0x00000cef      0x18e src/Timer.o
 .debug_info    0x00000e7d      0x4fa src/UART.o
 .debug_info    0x00001377      0x9b1 src/main.o

.debug_abbrev   0x00000000      0xe68
 *(.debug_abbrev)
 .debug_abbrev  0x00000000      0x5a2 C:/Program Files (x86)/Atmel/Studio/7.0/Packs/atmel/ATmega_DFP/1.7.374/gcc/dev/atmega328p/avr5/crtatmega328p.o
 .debug_abbrev  0x000005a2       0xa7 src/ADC.o
 .debug_abbrev  0x00000649       0x14 src/AssemblyDisplay.o
 .debug_abbrev  0x0000065d       0x14 src/config/JoystickInit.o
 .debug_abbrev  0x00000671       0xba src/cqueue.o
 .debug_abbrev  0x0000072b       0xde src/Display_ss.o
 .debug_abbrev  0x00000809       0x14 src/DrvWs2812.o
 .debug_abbrev  0x0000081d       0xa5 src/JoystickButton.o
 .debug_abbrev  0x000008c2       0xa3 src/Timer.o
 .debug_abbrev  0x00000965      0x287 src/UART.o
 .debug_abbrev  0x00000bec      0x27c src/main.o

.debug_line     0x00000000     0x23cc
 *(.debug_line .debug_line.* .debug_line_end)
 .debug_line    0x00000000      0x134 C:/Program Files (x86)/Atmel/Studio/7.0/Packs/atmel/ATmega_DFP/1.7.374/gcc/dev/atmega328p/avr5/crtatmega328p.o
 .debug_line    0x00000134      0x363 src/ADC.o
 .debug_line    0x00000497      0x130 src/AssemblyDisplay.o
 .debug_line    0x000005c7       0x7a src/config/JoystickInit.o
 .debug_line    0x00000641       0xe0 src/cqueue.o
 .debug_line    0x00000721      0x2b4 src/Display_ss.o
 .debug_line    0x000009d5      0x1eb src/DrvWs2812.o
 .debug_line    0x00000bc0      0x542 src/JoystickButton.o
 .debug_line    0x00001102      0x557 src/Timer.o
 .debug_line    0x00001659      0x4ac src/UART.o
 .debug_line    0x00001b05      0x8c7 src/main.o

.debug_frame    0x00000000      0x410
 *(.debug_frame)
 .debug_frame   0x00000000       0x54 src/ADC.o
 .debug_frame   0x00000054       0x54 src/cqueue.o
 .debug_frame   0x000000a8       0x60 src/Display_ss.o
 .debug_frame   0x00000108       0x34 src/JoystickButton.o
 .debug_frame   0x0000013c       0x88 src/Timer.o
 .debug_frame   0x000001c4      0x154 src/UART.o
 .debug_frame   0x00000318       0xf8 src/main.o

.debug_str      0x00000000    0x11c94
 *(.debug_str)
 .debug_str     0x00000000      0x208 C:/Program Files (x86)/Atmel/Studio/7.0/Packs/atmel/ATmega_DFP/1.7.374/gcc/dev/atmega328p/avr5/crtatmega328p.o
 .debug_str     0x00000208     0x6e88 src/ADC.o
                               0x6f7e (size before relaxing)
 .debug_str     0x00007090       0x76 src/cqueue.o
                               0x2ba6 (size before relaxing)
 .debug_str     0x00007106      0x16b src/Display_ss.o
                               0x689d (size before relaxing)
 .debug_str     0x00007271     0x9d51 src/JoystickButton.o
                              0x109aa (size before relaxing)
 .debug_str     0x00010fc2      0x1a3 src/Timer.o
                              0x10b5a (size before relaxing)
 .debug_str     0x00011165      0x4a1 src/UART.o
                               0x778a (size before relaxing)
 .debug_str     0x00011606      0x68e src/main.o
                              0x11614 (size before relaxing)

.debug_loc      0x00000000      0xa11
 *(.debug_loc)
 .debug_loc     0x00000000       0x21 src/ADC.o
 .debug_loc     0x00000021       0x38 src/cqueue.o
 .debug_loc     0x00000059       0x5b src/Display_ss.o
 .debug_loc     0x000000b4       0xcb src/Timer.o
 .debug_loc     0x0000017f      0x2cc src/UART.o
 .debug_loc     0x0000044b      0x5c6 src/main.o

.debug_macinfo
 *(.debug_macinfo)

.debug_weaknames
 *(.debug_weaknames)

.debug_funcnames
 *(.debug_funcnames)

.debug_typenames
 *(.debug_typenames)

.debug_varnames
 *(.debug_varnames)

.debug_pubtypes
 *(.debug_pubtypes)

.debug_ranges   0x00000000      0x1c8
 *(.debug_ranges)
 .debug_ranges  0x00000000       0x28 src/ADC.o
 .debug_ranges  0x00000028       0x28 src/cqueue.o
 .debug_ranges  0x00000050       0x28 src/Display_ss.o
 .debug_ranges  0x00000078       0x18 src/JoystickButton.o
 .debug_ranges  0x00000090       0x18 src/Timer.o
 .debug_ranges  0x000000a8       0x68 src/UART.o
 .debug_ranges  0x00000110       0xb8 src/main.o

.debug_macro    0x00000000     0x8b9f
 *(.debug_macro)
 .debug_macro   0x00000000      0xc4b src/ADC.o
 .debug_macro   0x00000c4b       0x10 src/ADC.o
 .debug_macro   0x00000c5b      0x1c9 src/ADC.o
 .debug_macro   0x00000e24      0x2fc src/ADC.o
 .debug_macro   0x00001120       0x9e src/ADC.o
 .debug_macro   0x000011be     0x1411 src/ADC.o
 .debug_macro   0x000025cf      0x13a src/ADC.o
 .debug_macro   0x00002709       0xbd src/ADC.o
 .debug_macro   0x000027c6       0x34 src/ADC.o
 .debug_macro   0x000027fa       0x18 src/ADC.o
 .debug_macro   0x00002812       0x6c src/ADC.o
 .debug_macro   0x0000287e       0x16 src/ADC.o
 .debug_macro   0x00002894       0x10 src/ADC.o
 .debug_macro   0x000028a4      0x166 src/ADC.o
 .debug_macro   0x00002a0a       0x1c src/ADC.o
 .debug_macro   0x00002a26      0x10e src/ADC.o
 .debug_macro   0x00002b34       0x60 src/ADC.o
 .debug_macro   0x00002b94      0xb98 src/cqueue.o
 .debug_macro   0x0000372c       0x10 src/cqueue.o
 .debug_macro   0x0000373c      0xc1b src/Display_ss.o
 .debug_macro   0x00004357      0xd22 src/JoystickButton.o
 .debug_macro   0x00005079      0x71d src/JoystickButton.o
 .debug_macro   0x00005796       0x22 src/JoystickButton.o
 .debug_macro   0x000057b8      0x16d src/JoystickButton.o
 .debug_macro   0x00005925       0x35 src/JoystickButton.o
 .debug_macro   0x0000595a       0x66 src/JoystickButton.o
 .debug_macro   0x000059c0       0x43 src/JoystickButton.o
 .debug_macro   0x00005a03       0x69 src/JoystickButton.o
 .debug_macro   0x00005a6c       0x2b src/JoystickButton.o
 .debug_macro   0x00005a97       0x10 src/JoystickButton.o
 .debug_macro   0x00005aa7       0xe2 src/JoystickButton.o
 .debug_macro   0x00005b89       0x40 src/JoystickButton.o
 .debug_macro   0x00005bc9      0x100 src/JoystickButton.o
 .debug_macro   0x00005cc9       0x56 src/JoystickButton.o
 .debug_macro   0x00005d1f       0x40 src/JoystickButton.o
 .debug_macro   0x00005d5f      0x2df src/JoystickButton.o
 .debug_macro   0x0000603e       0x1c src/JoystickButton.o
 .debug_macro   0x0000605a       0x58 src/JoystickButton.o
 .debug_macro   0x000060b2      0xd7d src/Timer.o
 .debug_macro   0x00006e2f      0xcd2 src/UART.o
 .debug_macro   0x00007b01       0x16 src/UART.o
 .debug_macro   0x00007b17       0x20 src/UART.o
 .debug_macro   0x00007b37      0xdae src/main.o
 .debug_macro   0x000088e5       0x58 src/main.o
 .debug_macro   0x0000893d       0x10 src/main.o
 .debug_macro   0x0000894d       0xf2 src/main.o
 .debug_macro   0x00008a3f      0x160 src/main.o
OUTPUT(GccMatrixWS2812 V3.elf elf32-avr)
LOAD linker stubs
